// Jest Snapshot v1, https://goo.gl/fbAQLP

exports[`<HomeSpecial /> wrapper: should render 1`] = `
<Memo(HomeSpecial)>
  <styles__Container>
    <div
      className="styles__Container-gjaj1n-0 fKDDDD"
    >
      <styles__Background>
        <div
          className="styles__Background-gjaj1n-1 cHJHkT"
        />
      </styles__Background>
      <styles__Slogan>
        <div
          className="styles__Slogan-gjaj1n-3 QNtvo"
        >
          <styles__Headline>
            <h1
              className="styles__Headline-gjaj1n-4 lfBZzQ"
            >
              home:slogan.headline
            </h1>
          </styles__Headline>
          <styles__SubHeadline>
            <h2
              className="styles__SubHeadline-gjaj1n-5 kuqDxN"
            >
              home:slogan.subheadline
            </h2>
          </styles__SubHeadline>
          <styles__Button
            aria-label="scroll-button"
            onClick={[Function]}
          >
            <button
              aria-label="scroll-button"
              className="styles__Button-gjaj1n-2 fcDxWJ"
              onClick={[Function]}
            >
              <Memo(RoundArrowIcon)>
                <svg
                  height="6em"
                  viewBox="0 0 90 90"
                  width="6em"
                  xmlns="http://www.w3.org/2000/svg"
                >
                  <path
                    d="M44.999 89.999a45 45 0 1145-45 45 45 0 01-45 45z"
                    fill="#66f"
                  />
                  <path
                    d="M32.513 36.173l11.2-9.05v38.525h2.119V27.162l11.158 9.012 1.336-1.654-12.493-10.09-.415-.335h-1.336l-.368.3-12.54 10.129z"
                    fill="#fff"
                  />
                </svg>
              </Memo(RoundArrowIcon)>
            </button>
          </styles__Button>
        </div>
      </styles__Slogan>
    </div>
  </styles__Container>
</Memo(HomeSpecial)>
`;
