// Jest Snapshot v1, https://goo.gl/fbAQLP

exports[`<HomeSpecial /> wrapper: should render 1`] = `
<Memo(HomeSpecial)>
  <styled.div>
    <div
      className="kAkGEl"
    >
      <styled.div>
        <div
          className="eNYwLQ"
        />
      </styled.div>
      <styled.div>
        <div
          className="SNEBj"
        >
          <styled.h1>
            <h1
              className="xtqKs"
            >
              home:slogan.headline
            </h1>
          </styled.h1>
          <styled.h2>
            <h2
              className="kMBPoY"
            >
              home:slogan.subheadline
            </h2>
          </styled.h2>
          <styled.button
            aria-label="scroll-button"
            onClick={[Function]}
          >
            <button
              aria-label="scroll-button"
              className="cJLbsF"
              onClick={[Function]}
            >
              <Memo(RoundArrowIcon)>
                <svg
                  height="6em"
                  viewBox="0 0 90 90"
                  width="6em"
                  xmlns="http://www.w3.org/2000/svg"
                >
                  <path
                    d="M44.999 89.999a45 45 0 1145-45 45 45 0 01-45 45z"
                    fill="#66f"
                  />
                  <path
                    d="M32.513 36.173l11.2-9.05v38.525h2.119V27.162l11.158 9.012 1.336-1.654-12.493-10.09-.415-.335h-1.336l-.368.3-12.54 10.129z"
                    fill="#fff"
                  />
                </svg>
              </Memo(RoundArrowIcon)>
            </button>
          </styled.button>
        </div>
      </styled.div>
    </div>
  </styled.div>
</Memo(HomeSpecial)>
`;
