// Jest Snapshot v1, https://goo.gl/fbAQLP

exports[`<SimpleBigTitleCard /> should render 1`] = `
<styles__Container
  className="simple-big-title-card"
>
  <styles__Headline>
    title test
  </styles__Headline>
  <styles__SubHeadline>
    description test
  </styles__SubHeadline>
</styles__Container>
`;
