// Jest Snapshot v1, https://goo.gl/fbAQLP

exports[`<CardExpanded /> wrapper: should render 1`] = `
<styles__Container
  backgroundColor="#ffc9c9"
  className="ExpandableCard"
  isExpanded={false}
  textColor="#f06078"
>
  <styles__Header
    isExpanded={false}
  >
    <styles__Headline>
      headline
    </styles__Headline>
    <styles__Toggle
      aria-label="expand card content button"
      isExpanded={false}
      onClick={[Function]}
      textColor="#f06078"
    >
      <Memo(RoundArrowIcon) />
    </styles__Toggle>
  </styles__Header>
  <styles__Content
    isExpanded={false}
  >
    <styles__ImageContainer>
      <Memo(BlockchainIcon) />
    </styles__ImageContainer>
    <styles__Subheadline>
      subheadline
    </styles__Subheadline>
    <styles__Description>
      description
    </styles__Description>
  </styles__Content>
</styles__Container>
`;
