// Jest Snapshot v1, https://goo.gl/fbAQLP

exports[`<RoundedCard /> wrapper: should render 1`] = `
<Memo(RoundedCard)
  description="Deployment of a WhatsApp Business Chatbot integrated with the Spanish fact-checking platform focused on combating the spread of disinformation in order to expand their service’s reach"
  hasPrimary={false}
  imageUrl="/img/projects/maldita.jpg"
  link={
    Object {
      "color": "#6666ff",
      "text": "hola",
      "url": "url",
    }
  }
  tags={
    Array [
      "Media",
      "Fact-checking",
      "Chatbots",
    ]
  }
  title="Maldita"
>
  <styles__Container
    className="rounded-card"
    hasPrimary={false}
  >
    <article
      className="styles__Container-sc-1ukl2m-0 fbcEFV rounded-card"
    >
      <styles__BackgroundContainer>
        <div
          className="styles__BackgroundContainer-sc-1ukl2m-1 gJEPJJ"
        >
          <ReactPlaceholder
            firstLaunchOnly={true}
            ready={false}
            showLoadingAnimation={true}
            style={
              Object {
                "marginRight": "0",
                "position": "absolute",
              }
            }
            type="rect"
          >
            <RectShape
              className="show-loading-animation"
              color="#CDCDCD"
              rows={3}
              style={
                Object {
                  "marginRight": "0",
                  "position": "absolute",
                }
              }
            >
              <div
                className="rect-shape show-loading-animation"
                style={
                  Object {
                    "backgroundColor": "#CDCDCD",
                    "height": "100%",
                    "marginRight": "0",
                    "position": "absolute",
                    "width": "100%",
                  }
                }
              />
            </RectShape>
          </ReactPlaceholder>
          <Image
            aria-label="Maldita image"
            layout="fill"
            objectFit="cover"
            quality={40}
            src="/img/projects/maldita.jpg"
            title="Maldita"
          >
            <div
              style={
                Object {
                  "bottom": 0,
                  "boxSizing": "border-box",
                  "display": "block",
                  "left": 0,
                  "margin": 0,
                  "overflow": "hidden",
                  "position": "absolute",
                  "right": 0,
                  "top": 0,
                }
              }
            >
              <img
                aria-label="Maldita image"
                decoding="async"
                src="data:image/gif;base64,R0lGODlhAQABAIAAAAAAAP///yH5BAEAAAAALAAAAAABAAEAAAIBRAA7"
                style={
                  Object {
                    "border": "none",
                    "bottom": 0,
                    "boxSizing": "border-box",
                    "display": "block",
                    "height": 0,
                    "left": 0,
                    "margin": "auto",
                    "maxHeight": "100%",
                    "maxWidth": "100%",
                    "minHeight": "100%",
                    "minWidth": "100%",
                    "objectFit": "cover",
                    "objectPosition": undefined,
                    "padding": 0,
                    "position": "absolute",
                    "right": 0,
                    "top": 0,
                    "visibility": "hidden",
                    "width": 0,
                  }
                }
                title="Maldita"
              />
            </div>
          </Image>
        </div>
      </styles__BackgroundContainer>
      <styles__ContentContainer
        hasPrimary={false}
      >
        <div
          className="styles__ContentContainer-sc-1ukl2m-2 iptFKa"
        >
          <styles__Content>
            <div
              className="styles__Content-sc-1ukl2m-3 jsXBFr"
            >
              <styles__Title>
                <h4
                  className="styles__Title-sc-1ukl2m-4 glJnQR"
                >
                  Maldita
                </h4>
              </styles__Title>
              <styles__Description>
                <p
                  className="styles__Description-sc-1ukl2m-5 lcEsyK"
                >
                  Deployment of a WhatsApp Business Chatbot integrated with the Spanish fact-checking platform focused on combating the spread of disinformation in order to expand their service’s reach
                </p>
              </styles__Description>
              <styles__LinkContainer
                color="#6666ff"
              >
                <div
                  className="styles__LinkContainer-sc-1ukl2m-6 gwySlA"
                  color="#6666ff"
                >
                  <Link
                    href="url"
                    passHref={true}
                  >
                    <styles__LinkAnchor
                      aria-label="hola"
                      color="#6666ff"
                      href="/url"
                      onClick={[Function]}
                      onMouseEnter={[Function]}
                      rel="noreferrer"
                      target="_blank"
                      title="Link for maldita project"
                    >
                      <a
                        aria-label="hola"
                        className="styles__LinkAnchor-sc-1ukl2m-7 duDBzf"
                        color="#6666ff"
                        href="/url"
                        onClick={[Function]}
                        onMouseEnter={[Function]}
                        rel="noreferrer"
                        target="_blank"
                        title="Link for maldita project"
                      >
                        hola
                      </a>
                    </styles__LinkAnchor>
                  </Link>
                  <Memo(OpenUrlIcon)
                    color="#6666ff"
                  >
                    <svg
                      color="#6666ff"
                      height=".8em"
                      viewBox="0 0 11.966 12.059"
                      width=".8em"
                      xmlns="http://www.w3.org/2000/svg"
                    >
                      <g
                        id="prefix__Grupo_4662"
                        transform="translate(-281.995 -7112.112)"
                      >
                        <g
                          id="prefix__Grupo_4426"
                          transform="translate(282.745 7112.862)"
                        >
                          <path
                            className="prefix__cls-1"
                            d="M6889.425-3355.839h-5.518v10.559h10.466v-5.392"
                            fill="none"
                            id="prefix__Trazado_11470"
                            stroke="#6666ff"
                            strokeWidth={1.5}
                            transform="translate(-6883.908 3355.839)"
                          />
                          <path
                            className="prefix__cls-1"
                            d="M6907.384-3355.839h3.2v3.307"
                            fill="none"
                            id="prefix__Trazado_11471"
                            stroke="#6666ff"
                            strokeWidth={1.5}
                            transform="translate(-6900.186 3355.839)"
                          />
                          <path
                            className="prefix__cls-1"
                            d="M6902.391-3355.839l-6.067 6.306"
                            fill="none"
                            id="prefix__Trazado_11472"
                            stroke="#6666ff"
                            strokeWidth={1.5}
                            transform="translate(-6891.996 3355.839)"
                          />
                        </g>
                      </g>
                    </svg>
                  </Memo(OpenUrlIcon)>
                </div>
              </styles__LinkContainer>
            </div>
          </styles__Content>
          <styles__TagsContainer>
            <div
              className="styles__TagsContainer-sc-1ukl2m-8 imUFYr"
            >
              <styles__Tag
                hasPrimary={false}
                key="0"
              >
                <span
                  className="styles__Tag-sc-1ukl2m-9 hErYJH"
                >
                  Media
                </span>
              </styles__Tag>
              <styles__Tag
                hasPrimary={false}
                key="1"
              >
                <span
                  className="styles__Tag-sc-1ukl2m-9 hErYJH"
                >
                  Fact-checking
                </span>
              </styles__Tag>
              <styles__Tag
                hasPrimary={false}
                key="2"
              >
                <span
                  className="styles__Tag-sc-1ukl2m-9 hErYJH"
                >
                  Chatbots
                </span>
              </styles__Tag>
            </div>
          </styles__TagsContainer>
        </div>
      </styles__ContentContainer>
    </article>
  </styles__Container>
</Memo(RoundedCard)>
`;
