// Jest Snapshot v1, https://goo.gl/fbAQLP

exports[`<Footer /> wrapper: should render 1`] = `
<styles__Container
  id="footer"
>
  <styles__ContainerLogo>
    <Memo(WealizeWhiteNormalMediumIcon) />
  </styles__ContainerLogo>
  <styles__ContainerContent>
    <styles__ContainerContactSection>
      <styles__BigText>
        common:footer.get_in_touch.text
      </styles__BigText>
      <Memo(ButtonRounded)
        animatedBackgroundColor="#6666ff"
        animatedTextColor="#ffffff"
        backgroundColor="#3c3c3b"
        handleClick={[Function]}
        id="footer-get-in-touch-button"
        size={
          Object {
            "desktop": Array [
              200,
              85,
            ],
            "mobile": Array [
              180,
              75,
            ],
            "tablet": Array [
              180,
              80,
            ],
            "wide": Array [
              220,
              90,
            ],
          }
        }
        textColor="#ffffff"
      >
        common:footer.get_in_touch.button_text
      </Memo(ButtonRounded)>
    </styles__ContainerContactSection>
    <styles__ContainerContactSection>
      <styles__BigText>
        common:footer.work_with_us.text
      </styles__BigText>
      <Memo(ButtonRounded)
        animatedBackgroundColor="#6666ff"
        animatedTextColor="#ffffff"
        backgroundColor="#3c3c3b"
        handleClick={[Function]}
        id="footer-work-whit-us-button"
        size={
          Object {
            "desktop": Array [
              200,
              85,
            ],
            "mobile": Array [
              180,
              75,
            ],
            "tablet": Array [
              180,
              80,
            ],
            "wide": Array [
              220,
              90,
            ],
          }
        }
        textColor="#ffffff"
      >
        common:footer.work_with_us.button_text
      </Memo(ButtonRounded)>
    </styles__ContainerContactSection>
  </styles__ContainerContent>
  <styles__ContainerBottom>
    <styles__DividerMobile />
    <styles__ContainerSocialMobile>
      <Link
        href="https://www.linkedin.com/company/wealizedigital/"
        passHref={true}
      >
        <styles__Social
          aria-label="Linkedin"
          rel="noreferrer"
          target="_blank"
          title="Wealize Linkedin link"
        >
          <LinkedinIcon />
        </styles__Social>
      </Link>
      <Link
        href="https://twitter.com/wealizedigital"
        passHref={true}
      >
        <styles__Social
          aria-label="Twitter"
          rel="noreferrer"
          target="_blank"
          title="Wealize Twitter link"
        >
          <TwitterIcon />
        </styles__Social>
      </Link>
      <Link
        href="https://dev.to/wealize"
        passHref={true}
      >
        <styles__Social
          aria-label="Dev.to"
          rel="noreferrer"
          target="_blank"
          title="Wealize Dev.to link"
        >
          <DevtoIcon />
        </styles__Social>
      </Link>
    </styles__ContainerSocialMobile>
    <styles__ContainerPrivacyCopyright>
      <Link
        href="/privacy-legal"
        passHref={true}
      >
        <styles__PrivacyLegalLink
          aria-label="Privacy & Legal"
          data-cy="footer-privacy-link"
          title="Privacy page link"
        >
          common:footer.privacy_legal
        </styles__PrivacyLegalLink>
      </Link>
      <styles__CopyrightText>
        common:footer.copyright
      </styles__CopyrightText>
    </styles__ContainerPrivacyCopyright>
    <styles__Divider />
    <styles__ContainerGrantsAndSocials>
      <styles__ContainerGrants>
        <styles__Grant>
          <Link
            href="/grants/cdti"
            passHref={true}
          >
            <a
              aria-label="CDTI"
              data-cy="footer-cdti-link"
              title="CDTI page link"
            >
              <Memo(CDTIIcon) />
            </a>
          </Link>
        </styles__Grant>
        <styles__Grant>
          <Link
            href="/grants/innovative-sme"
            passHref={true}
          >
            <a
              aria-label="Innovation Pyme"
              data-cy="footer-innovation-pyme-link"
              title="Innovation Pyme page link"
            >
              <Memo(InnovationPymeIcon) />
            </a>
          </Link>
        </styles__Grant>
      </styles__ContainerGrants>
      <styles__ContainerSocial>
        <Link
          href="https://www.linkedin.com/company/wealizedigital/"
          passHref={true}
        >
          <styles__Social
            rel="noreferrer"
            target="_blank"
          >
            <LinkedinIcon />
          </styles__Social>
        </Link>
        <Link
          href="https://twitter.com/wealizedigital"
          passHref={true}
        >
          <styles__Social
            rel="noreferrer"
            target="_blank"
          >
            <TwitterIcon />
          </styles__Social>
        </Link>
        <Link
          href="https://dev.to/wealize"
          passHref={true}
        >
          <styles__Social
            rel="noreferrer"
            target="_blank"
          >
            <DevtoIcon />
          </styles__Social>
        </Link>
      </styles__ContainerSocial>
    </styles__ContainerGrantsAndSocials>
  </styles__ContainerBottom>
</styles__Container>
`;
