// Jest Snapshot v1, https://goo.gl/fbAQLP

exports[`<WealizeInANutshell /> should render 1`] = `
<Memo(WealizeInANutshell)
  highlightColor="#6666ff"
>
  <styles__Container
    className="wealize-in-a-nutshell"
  >
    <div
      className="styles__Container-sc-1wwnm82-0 kDpYcP wealize-in-a-nutshell"
    >
      <styles__Title
        isNavbarVisible={true}
      >
        <h3
          className="styles__Title-sc-1wwnm82-1 jUxVSw"
        >
          profile:wealize-in-a-nutshell.title
        </h3>
      </styles__Title>
      <styles__Content>
        <div
          className="styles__Content-sc-1wwnm82-2 gVwzYK"
        >
          <InView
            initialInView={false}
            key="0"
            onChange={[Function]}
            threshold={0.75}
            triggerOnce={false}
          >
            <styles__Paragraph
              className="wealize-nutshell-paragraph "
              highlightColor="#6666ff"
              isIntersecting={false}
            >
              <h3
                className="styles__Paragraph-sc-1wwnm82-3 ffRLgQ wealize-nutshell-paragraph "
              >
                profile:wealize-in-a-nutshell.paragraph-0
              </h3>
            </styles__Paragraph>
          </InView>
          <InView
            initialInView={false}
            key="1"
            onChange={[Function]}
            threshold={0.75}
            triggerOnce={false}
          >
            <styles__Paragraph
              className="wealize-nutshell-paragraph "
              highlightColor="#6666ff"
              isIntersecting={false}
            >
              <h3
                className="styles__Paragraph-sc-1wwnm82-3 ffRLgQ wealize-nutshell-paragraph "
              >
                profile:wealize-in-a-nutshell.paragraph-1
              </h3>
            </styles__Paragraph>
          </InView>
          <InView
            initialInView={false}
            key="2"
            onChange={[Function]}
            threshold={0.75}
            triggerOnce={false}
          >
            <styles__Paragraph
              className="wealize-nutshell-paragraph "
              highlightColor="#6666ff"
              isIntersecting={false}
            >
              <h3
                className="styles__Paragraph-sc-1wwnm82-3 ffRLgQ wealize-nutshell-paragraph "
              >
                profile:wealize-in-a-nutshell.paragraph-2
              </h3>
            </styles__Paragraph>
          </InView>
          <InView
            initialInView={false}
            key="3"
            onChange={[Function]}
            threshold={0.75}
            triggerOnce={false}
          >
            <styles__Paragraph
              className="wealize-nutshell-paragraph "
              highlightColor="#6666ff"
              isIntersecting={false}
            >
              <h3
                className="styles__Paragraph-sc-1wwnm82-3 ffRLgQ wealize-nutshell-paragraph "
              >
                profile:wealize-in-a-nutshell.paragraph-3
              </h3>
            </styles__Paragraph>
          </InView>
          <InView
            initialInView={false}
            key="4"
            onChange={[Function]}
            threshold={0.75}
            triggerOnce={false}
          >
            <styles__Paragraph
              className="wealize-nutshell-paragraph "
              highlightColor="#6666ff"
              isIntersecting={false}
            >
              <h3
                className="styles__Paragraph-sc-1wwnm82-3 ffRLgQ wealize-nutshell-paragraph "
              >
                profile:wealize-in-a-nutshell.paragraph-4
              </h3>
            </styles__Paragraph>
          </InView>
          <InView
            initialInView={false}
            key="5"
            onChange={[Function]}
            threshold={0.75}
            triggerOnce={false}
          >
            <styles__Paragraph
              className="wealize-nutshell-paragraph "
              highlightColor="#6666ff"
              isIntersecting={false}
            >
              <h3
                className="styles__Paragraph-sc-1wwnm82-3 ffRLgQ wealize-nutshell-paragraph "
              >
                profile:wealize-in-a-nutshell.paragraph-5
              </h3>
            </styles__Paragraph>
          </InView>
          <InView
            initialInView={false}
            key="6"
            onChange={[Function]}
            threshold={0.75}
            triggerOnce={false}
          >
            <styles__Paragraph
              className="wealize-nutshell-paragraph "
              highlightColor="#6666ff"
              isIntersecting={false}
            >
              <h3
                className="styles__Paragraph-sc-1wwnm82-3 ffRLgQ wealize-nutshell-paragraph "
              >
                profile:wealize-in-a-nutshell.paragraph-6
              </h3>
            </styles__Paragraph>
          </InView>
        </div>
      </styles__Content>
    </div>
  </styles__Container>
</Memo(WealizeInANutshell)>
`;
