// Jest Snapshot v1, https://goo.gl/fbAQLP

exports[`<WealizeInANutshell /> should render 1`] = `
<Memo(WealizeInANutshell)
  highlightColor="#6666ff"
>
  <styled.div
    className="WealizeInANutshell"
  >
    <div
      className="cUYhzr WealizeInANutshell"
    >
      <styled.h3>
        <h3
          className="eUBRGi"
        >
          profile:wealize-in-a-nutshell.title
        </h3>
      </styled.h3>
      <styled.div>
        <div
          className="imGuPe"
        >
          <InView
            initialInView={false}
            key="0"
            onChange={[Function]}
            threshold={0.3}
            triggerOnce={false}
          >
            <styled.h3
              className="wealize-nutshell-paragraph "
              highlightColor="#6666ff"
              isIntersecting={false}
            >
              <h3
                className="eQcHhv wealize-nutshell-paragraph "
              >
                profile:wealize-in-a-nutshell.paragraph-0
              </h3>
            </styled.h3>
          </InView>
          <InView
            initialInView={false}
            key="1"
            onChange={[Function]}
            threshold={0.3}
            triggerOnce={false}
          >
            <styled.h3
              className="wealize-nutshell-paragraph "
              highlightColor="#6666ff"
              isIntersecting={false}
            >
              <h3
                className="eQcHhv wealize-nutshell-paragraph "
              >
                profile:wealize-in-a-nutshell.paragraph-1
              </h3>
            </styled.h3>
          </InView>
          <InView
            initialInView={false}
            key="2"
            onChange={[Function]}
            threshold={0.3}
            triggerOnce={false}
          >
            <styled.h3
              className="wealize-nutshell-paragraph "
              highlightColor="#6666ff"
              isIntersecting={false}
            >
              <h3
                className="eQcHhv wealize-nutshell-paragraph "
              >
                profile:wealize-in-a-nutshell.paragraph-2
              </h3>
            </styled.h3>
          </InView>
          <InView
            initialInView={false}
            key="3"
            onChange={[Function]}
            threshold={0.3}
            triggerOnce={false}
          >
            <styled.h3
              className="wealize-nutshell-paragraph "
              highlightColor="#6666ff"
              isIntersecting={false}
            >
              <h3
                className="eQcHhv wealize-nutshell-paragraph "
              >
                profile:wealize-in-a-nutshell.paragraph-3
              </h3>
            </styled.h3>
          </InView>
          <InView
            initialInView={false}
            key="4"
            onChange={[Function]}
            threshold={0.3}
            triggerOnce={false}
          >
            <styled.h3
              className="wealize-nutshell-paragraph "
              highlightColor="#6666ff"
              isIntersecting={false}
            >
              <h3
                className="eQcHhv wealize-nutshell-paragraph "
              >
                profile:wealize-in-a-nutshell.paragraph-4
              </h3>
            </styled.h3>
          </InView>
          <InView
            initialInView={false}
            key="5"
            onChange={[Function]}
            threshold={0.3}
            triggerOnce={false}
          >
            <styled.h3
              className="wealize-nutshell-paragraph "
              highlightColor="#6666ff"
              isIntersecting={false}
            >
              <h3
                className="eQcHhv wealize-nutshell-paragraph "
              >
                profile:wealize-in-a-nutshell.paragraph-5
              </h3>
            </styled.h3>
          </InView>
          <InView
            initialInView={false}
            key="6"
            onChange={[Function]}
            threshold={0.3}
            triggerOnce={false}
          >
            <styled.h3
              className="wealize-nutshell-paragraph "
              highlightColor="#6666ff"
              isIntersecting={false}
            >
              <h3
                className="eQcHhv wealize-nutshell-paragraph "
              >
                profile:wealize-in-a-nutshell.paragraph-6
              </h3>
            </styled.h3>
          </InView>
        </div>
      </styled.div>
    </div>
  </styled.div>
</Memo(WealizeInANutshell)>
`;
