// Jest Snapshot v1, https://goo.gl/fbAQLP

exports[`<Talents /> should render 1`] = `
<styled.div>
  <styled.div>
    <styled.h3>
      profile:talents.title
    </styled.h3>
    <Memo(ButtonRounded)
      animatedBackgroundColor="#6666ff"
      animatedTextColor="#ffffff"
      backgroundColor="#ffffff"
      handleClick={[Function]}
      size={
        Object {
          "desktop": Array [
            170,
            50,
          ],
          "mobile": Array [
            90,
            50,
          ],
          "tablet": Array [
            150,
            50,
          ],
          "wide": Array [
            190,
            50,
          ],
        }
      }
      textColor="#6666ff"
    >
      profile:talents.refresh-button-text
    </Memo(ButtonRounded)>
  </styled.div>
  <styled.div>
    <Memo(TalentCard)
      description="profile:talents.miguel_calero.description"
      imageUrl="/img/talents/placeholder.png"
      key="0"
      name="Miguel Calero"
      socialNetworks={
        Array [
          Object {
            "name": "Twitter",
            "url": "https://twitter.com/miguelcalero",
          },
          Object {
            "name": "Linkedin",
            "url": "https://www.linkedin.com/in/miguelcalero/",
          },
        ]
      }
    />
    <Memo(TalentCard)
      description="profile:talents.javier_aguirre.description"
      imageUrl="/img/talents/placeholder.png"
      key="1"
      name="Javier Aguirre"
      socialNetworks={
        Array [
          Object {
            "name": "Linkedin",
            "url": "https://www.linkedin.com/in/javaguirre/",
          },
          Object {
            "name": "Twitter",
            "url": "https://twitter.com/javaguirre",
          },
        ]
      }
    />
    <Memo(TalentCard)
      description="profile:talents.dani_luque.description"
      imageUrl="/img/talents/placeholder.png"
      key="2"
      name="Dani Luque"
      socialNetworks={
        Array [
          Object {
            "name": "Linkedin",
            "url": "https://www.linkedin.com/in/danielluquequintana/",
          },
          Object {
            "name": "Twitter",
            "url": "https://twitter.com/DaniLuque20",
          },
        ]
      }
    />
    <Memo(TalentCard)
      description="profile:talents.dani_ranchal.description"
      imageUrl="/img/talents/placeholder.png"
      key="3"
      name="Dani Ranchal"
      socialNetworks={
        Array [
          Object {
            "name": "Linkedin",
            "url": "https://www.linkedin.com/in/danielranchal",
          },
          Object {
            "name": "Twitter",
            "url": "https://www.twitter.com/daniranchal",
          },
        ]
      }
    />
    <Memo(TalentCard)
      description="profile:talents.jesus_mejias.description"
      imageUrl="/img/talents/placeholder.png"
      key="4"
      name="Jesús Mejías"
      socialNetworks={
        Array [
          Object {
            "name": "Linkedin",
            "url": "https://www.linkedin.com/in/jesus-mejias-leiva",
          },
          Object {
            "name": "Twitter",
            "url": "https://twitter.com/susomejias",
          },
          Object {
            "name": "Dev.to",
            "url": "https://dev.to/susomejias",
          },
        ]
      }
    />
    <Memo(TalentCard)
      description="profile:talents.miguel_gavilan.description"
      imageUrl="/img/talents/placeholder.png"
      key="5"
      name="Miguel A. Gavilán"
      socialNetworks={
        Array [
          Object {
            "name": "Linkedin",
            "url": "https://www.linkedin.com/in/miguel-ángel-gavilán-merino-111438138/",
          },
          Object {
            "name": "Twitter",
            "url": "https://twitter.com/miguel5gavilan",
          },
        ]
      }
    />
    <Memo(TalentCard)
      description="profile:talents.maca_torralba.description"
      imageUrl="/img/talents/placeholder.png"
      key="6"
      name="Maca Torralba"
      socialNetworks={
        Array [
          Object {
            "name": "Linkedin",
            "url": "https://www.linkedin.com/in/macarenatorralbagarcia/",
          },
          Object {
            "name": "Twitter",
            "url": "https://twitter.com/Maca_Torralba",
          },
        ]
      }
    />
    <Memo(TalentCard)
      description="profile:talents.angel_heredia.description"
      imageUrl="/img/talents/placeholder.png"
      key="7"
      name="Ángel Heredia"
      socialNetworks={
        Array [
          Object {
            "name": "Linkedin",
            "url": "https://www.linkedin.com/in/angelherediaperez/",
          },
          Object {
            "name": "Twitter",
            "url": "https://twitter.com/Anthares101",
          },
        ]
      }
    />
    <Memo(TalentCard)
      description="profile:talents.antonio_romero.description"
      imageUrl="/img/talents/placeholder.png"
      key="8"
      name="Antonio Romero"
      socialNetworks={
        Array [
          Object {
            "name": "Linkedin",
            "url": "www.linkedin.com/in/antonio-romero-cañete-a8488531",
          },
        ]
      }
    />
    <Memo(TalentCard)
      description="profile:talents.nieves_borrero.description"
      imageUrl="/img/talents/placeholder.png"
      key="9"
      name="Nieves Borrero"
      socialNetworks={
        Array [
          Object {
            "name": "Linkedin",
            "url": "https://www.linkedin.com/in/nievesborrero/",
          },
          Object {
            "name": "Twitter",
            "url": "https://twitter.com/nievesborrero",
          },
        ]
      }
    />
    <Memo(TalentCard)
      description="profile:talents.victoria_perez.description"
      imageUrl="/img/talents/placeholder.png"
      key="10"
      name="Victoria Pérez"
      socialNetworks={
        Array [
          Object {
            "name": "Linkedin",
            "url": "https://www.linkedin.com/in/victoriapc/",
          },
        ]
      }
    />
    <Memo(TalentCard)
      description="profile:talents.marisa_ruiz.description"
      imageUrl="/img/talents/placeholder.png"
      key="11"
      name="Marisa Ruiz"
      socialNetworks={Array []}
    />
    <Memo(TalentCard)
      description="profile:talents.joaquin_lopez.description"
      imageUrl="/img/talents/placeholder.png"
      key="12"
      name="Joaquín López"
      socialNetworks={Array []}
    />
    <Memo(TalentCard)
      description="profile:talents.toni_parn.description"
      imageUrl="/img/talents/placeholder.png"
      key="13"
      name="Toni Pärn"
      socialNetworks={
        Array [
          Object {
            "name": "Linkedin",
            "url": "https://www.linkedin.com/in/toni-p-13a08985/",
          },
        ]
      }
    />
    <Memo(TalentCard)
      description="profile:talents.miriam_flores.description"
      imageUrl="/img/talents/placeholder.png"
      key="14"
      name="Miriam Flores"
      socialNetworks={
        Array [
          Object {
            "name": "Linkedin",
            "url": "https://es.linkedin.com/in/mfarribas",
          },
        ]
      }
    />
    <Memo(TalentCard)
      description="profile:talents.rafael_rodriguez.description"
      imageUrl="/img/talents/placeholder.png"
      key="15"
      name="Rafael Rodríguez"
      socialNetworks={
        Array [
          Object {
            "name": "Linkedin",
            "url": "https://es.linkedin.com/in/mfarribas",
          },
        ]
      }
    />
    <Memo(TalentCard)
      description="profile:talents.mariano_morera.description"
      imageUrl="/img/talents/placeholder.png"
      key="16"
      name="Mariano Morera"
      socialNetworks={
        Array [
          Object {
            "name": "Linkedin",
            "url": "https://www.linkedin.com/in/marianomorerasanchez",
          },
        ]
      }
    />
  </styled.div>
</styled.div>
`;
