// Jest Snapshot v1, https://goo.gl/fbAQLP

exports[`<Talents /> should render 1`] = `
<styles__Container>
  <styles__ContentContainer>
    <styles__Headline>
      profile:talents.title
    </styles__Headline>
    <Memo(ButtonRounded)
      animatedBackgroundColor="#6666ff"
      animatedTextColor="#ffffff"
      backgroundColor="#ffffff"
      handleClick={[Function]}
      size={
        Object {
          "desktop": Array [
            200,
            85,
          ],
          "mobile": Array [
            150,
            70,
          ],
          "tablet": Array [
            180,
            80,
          ],
          "wide": Array [
            220,
            90,
          ],
        }
      }
      textColor="#6666ff"
    >
      profile:talents.refresh-button-text
    </Memo(ButtonRounded)>
  </styles__ContentContainer>
  <styles__CardsContainer>
    <Memo(TalentCard)
      imageUrl="/img/talents/placeholder.png"
      key="0"
      name="Maca Torralba"
      role="profile:talents.maca_torralba.role"
      socialNetworks={
        Array [
          Object {
            "name": "Linkedin",
            "url": "https://www.linkedin.com/in/macarenatorralbagarcia/",
          },
          Object {
            "name": "Twitter",
            "url": "https://twitter.com/Maca_Torralba",
          },
        ]
      }
    />
    <Memo(TalentCard)
      imageUrl="/img/talents/placeholder.png"
      key="1"
      name="Jesús Mejías"
      role="profile:talents.jesus_mejias.role"
      socialNetworks={
        Array [
          Object {
            "name": "Linkedin",
            "url": "https://www.linkedin.com/in/jesus-mejias-leiva",
          },
          Object {
            "name": "Twitter",
            "url": "https://twitter.com/susomejias",
          },
          Object {
            "name": "Dev.to",
            "url": "https://dev.to/susomejias",
          },
        ]
      }
    />
    <Memo(TalentCard)
      imageUrl="/img/talents/placeholder.png"
      key="2"
      name="Joaquín López"
      role="profile:talents.joaquin_lopez.role"
      socialNetworks={Array []}
    />
    <Memo(TalentCard)
      imageUrl="/img/talents/placeholder.png"
      key="3"
      name="Mariano Morera"
      role="profile:talents.mariano_morera.role"
      socialNetworks={
        Array [
          Object {
            "name": "Linkedin",
            "url": "https://www.linkedin.com/in/marianomorerasanchez",
          },
        ]
      }
    />
    <Memo(TalentCard)
      imageUrl="/img/talents/placeholder.png"
      key="4"
      name="Victoria Pérez"
      role="profile:talents.victoria_perez.role"
      socialNetworks={
        Array [
          Object {
            "name": "Linkedin",
            "url": "https://www.linkedin.com/in/victoriapc/",
          },
        ]
      }
    />
    <Memo(TalentCard)
      imageUrl="/img/talents/placeholder.png"
      key="5"
      name="Dani Ranchal"
      role="profile:talents.dani_ranchal.role"
      socialNetworks={
        Array [
          Object {
            "name": "Linkedin",
            "url": "https://www.linkedin.com/in/danielranchal",
          },
          Object {
            "name": "Twitter",
            "url": "https://www.twitter.com/daniranchal",
          },
        ]
      }
    />
    <Memo(TalentCard)
      imageUrl="/img/talents/placeholder.png"
      key="6"
      name="Marisa Ruiz"
      role="profile:talents.marisa_ruiz.role"
      socialNetworks={Array []}
    />
    <Memo(TalentCard)
      imageUrl="/img/talents/placeholder.png"
      key="7"
      name="Toni Pärn"
      role="profile:talents.toni_parn.role"
      socialNetworks={
        Array [
          Object {
            "name": "Linkedin",
            "url": "https://www.linkedin.com/in/toni-p-13a08985/",
          },
        ]
      }
    />
    <Memo(TalentCard)
      imageUrl="/img/talents/placeholder.png"
      key="8"
      name="Miguel Calero"
      role="profile:talents.miguel_calero.role"
      socialNetworks={
        Array [
          Object {
            "name": "Twitter",
            "url": "https://twitter.com/miguelcalero",
          },
          Object {
            "name": "Linkedin",
            "url": "https://www.linkedin.com/in/miguelcalero/",
          },
        ]
      }
    />
    <Memo(TalentCard)
      imageUrl="/img/talents/placeholder.png"
      key="9"
      name="Miguel A. Gavilán"
      role="profile:talents.miguel_gavilan.role"
      socialNetworks={
        Array [
          Object {
            "name": "Linkedin",
            "url": "https://www.linkedin.com/in/miguel-ángel-gavilán-merino-111438138/",
          },
          Object {
            "name": "Twitter",
            "url": "https://twitter.com/miguel5gavilan",
          },
        ]
      }
    />
    <Memo(TalentCard)
      imageUrl="/img/talents/placeholder.png"
      key="10"
      name="Ángel Heredia"
      role="profile:talents.angel_heredia.role"
      socialNetworks={
        Array [
          Object {
            "name": "Linkedin",
            "url": "https://www.linkedin.com/in/angelherediaperez/",
          },
          Object {
            "name": "Twitter",
            "url": "https://twitter.com/Anthares101",
          },
        ]
      }
    />
    <Memo(TalentCard)
      imageUrl="/img/talents/placeholder.png"
      key="11"
      name="Dani Luque"
      role="profile:talents.dani_luque.role"
      socialNetworks={
        Array [
          Object {
            "name": "Linkedin",
            "url": "https://www.linkedin.com/in/danielluquequintana/",
          },
          Object {
            "name": "Twitter",
            "url": "https://twitter.com/DaniLuque20",
          },
        ]
      }
    />
    <Memo(TalentCard)
      imageUrl="/img/talents/placeholder.png"
      key="12"
      name="Antonio Romero"
      role="profile:talents.antonio_romero.role"
      socialNetworks={
        Array [
          Object {
            "name": "Linkedin",
            "url": "www.linkedin.com/in/antonio-romero-cañete-a8488531",
          },
        ]
      }
    />
    <Memo(TalentCard)
      imageUrl="/img/talents/placeholder.png"
      key="13"
      name="Javier Aguirre"
      role="profile:talents.javier_aguirre.role"
      socialNetworks={
        Array [
          Object {
            "name": "Linkedin",
            "url": "https://www.linkedin.com/in/javaguirre/",
          },
          Object {
            "name": "Twitter",
            "url": "https://twitter.com/javaguirre",
          },
        ]
      }
    />
    <Memo(TalentCard)
      imageUrl="/img/talents/placeholder.png"
      key="14"
      name="Nieves Borrero"
      role="profile:talents.nieves_borrero.role"
      socialNetworks={
        Array [
          Object {
            "name": "Linkedin",
            "url": "https://www.linkedin.com/in/nievesborrero/",
          },
          Object {
            "name": "Twitter",
            "url": "https://twitter.com/nievesborrero",
          },
        ]
      }
    />
  </styles__CardsContainer>
</styles__Container>
`;
