// Jest Snapshot v1, https://goo.gl/fbAQLP

exports[`<SimpleCard /> wrapper: should render 1`] = `
<Memo(SimpleCard)>
  <styles__Container
    className="simple-card"
  >
    <div
      className="styles__Container-sc-58pc36-0 cvYCcG simple-card"
    >
      <styles__Text>
        <h3
          className="styles__Text-sc-58pc36-1 euGlbe"
        >
          We are a digital product studio with the upper hand in blockchain, conversational agents, cognitives services, mobile apps and web development
        </h3>
      </styles__Text>
    </div>
  </styles__Container>
</Memo(SimpleCard)>
`;
