// Jest Snapshot v1, https://goo.gl/fbAQLP

exports[`<ServicesAndVentures /> should render 1`] = `
<Memo(ServicesAndVentures)>
  <styled.div>
    <div
      className="mPdND"
    >
      <styled.h3>
        <h3
          className="gxcBLJ"
        >
          profile:services-ventures.title
        </h3>
      </styled.h3>
      <styled.div>
        <div
          className="cySEK"
        >
          <styled.div>
            <div
              className=""
            >
              <styled.h4>
                <h4
                  className="eDfkbp"
                >
                  profile:services-ventures.services-section.title
                </h4>
              </styled.h4>
              <styled.div
                key="0"
              >
                <div
                  className="cGNQSf"
                >
                  <styled.div>
                    <div
                      className="kIpVJm"
                    >
                      profile:services-ventures.services-section.section-title-0
                    </div>
                  </styled.div>
                  <styled.h5>
                    <h5
                      className="JvsHx"
                    >
                      profile:services-ventures.services-section.section-description-0
                    </h5>
                  </styled.h5>
                </div>
              </styled.div>
              <styled.div
                key="1"
              >
                <div
                  className="cGNQSf"
                >
                  <styled.div>
                    <div
                      className="kIpVJm"
                    >
                      profile:services-ventures.services-section.section-title-1
                    </div>
                  </styled.div>
                  <styled.h5>
                    <h5
                      className="JvsHx"
                    >
                      profile:services-ventures.services-section.section-description-1
                    </h5>
                  </styled.h5>
                </div>
              </styled.div>
              <styled.div
                key="2"
              >
                <div
                  className="cGNQSf"
                >
                  <styled.div>
                    <div
                      className="kIpVJm"
                    >
                      profile:services-ventures.services-section.section-title-2
                    </div>
                  </styled.div>
                  <styled.h5>
                    <h5
                      className="JvsHx"
                    >
                      profile:services-ventures.services-section.section-description-2
                    </h5>
                  </styled.h5>
                </div>
              </styled.div>
            </div>
          </styled.div>
          <styled.div>
            <div
              className=""
            >
              <styled.h4>
                <h4
                  className="eDfkbp"
                >
                  profile:services-ventures.ventures-section.title
                </h4>
              </styled.h4>
              <styled.div
                key="0"
              >
                <div
                  className="cGNQSf"
                >
                  <styled.div>
                    <div
                      className="kIpVJm"
                    >
                      profile:services-ventures.ventures-section.section-title-0
                    </div>
                  </styled.div>
                  <styled.h5>
                    <h5
                      className="JvsHx"
                    >
                      profile:services-ventures.ventures-section.section-description-0
                    </h5>
                  </styled.h5>
                </div>
              </styled.div>
              <styled.div
                key="1"
              >
                <div
                  className="cGNQSf"
                >
                  <styled.div>
                    <div
                      className="kIpVJm"
                    >
                      profile:services-ventures.ventures-section.section-title-1
                    </div>
                  </styled.div>
                  <styled.h5>
                    <h5
                      className="JvsHx"
                    >
                      profile:services-ventures.ventures-section.section-description-1
                    </h5>
                  </styled.h5>
                </div>
              </styled.div>
              <styled.div
                key="2"
              >
                <div
                  className="cGNQSf"
                >
                  <styled.div>
                    <div
                      className="kIpVJm"
                    >
                      profile:services-ventures.ventures-section.section-title-2
                    </div>
                  </styled.div>
                  <styled.h5>
                    <h5
                      className="JvsHx"
                    >
                      profile:services-ventures.ventures-section.section-description-2
                    </h5>
                  </styled.h5>
                </div>
              </styled.div>
            </div>
          </styled.div>
        </div>
      </styled.div>
    </div>
  </styled.div>
</Memo(ServicesAndVentures)>
`;
