// Jest Snapshot v1, https://goo.gl/fbAQLP

exports[`<ServicesAndVentures /> should render 1`] = `
<Memo(ServicesAndVentures)>
  <styles__Container>
    <div
      className="styles__Container-g6vj63-0 kUKQpP"
    >
      <styles__Title>
        <h3
          className="styles__Title-g6vj63-1 jUxUps"
        >
          profile:services-ventures.title
        </h3>
      </styles__Title>
      <styles__ContentContainer>
        <div
          className="styles__ContentContainer-g6vj63-2 hrBVPv"
        >
          <styles__SectionContainer>
            <div
              className="styles__SectionContainer-g6vj63-3 kjIGhE"
            >
              <styles__SectionTitle>
                <h4
                  className="styles__SectionTitle-g6vj63-4 iSfpKk"
                >
                  profile:services-ventures.services-section.title
                </h4>
              </styles__SectionTitle>
              <styles__CardContainer
                key="0"
              >
                <div
                  className="styles__CardContainer-g6vj63-5 fBpjOa"
                >
                  <styles__CardHeadline>
                    <div
                      className="styles__CardHeadline-g6vj63-6 xCsHo"
                    >
                      profile:services-ventures.services-section.section-title-0
                    </div>
                  </styles__CardHeadline>
                  <styles__CardDescription>
                    <h5
                      className="styles__CardDescription-g6vj63-7 fAUxye"
                    >
                      profile:services-ventures.services-section.section-description-0
                    </h5>
                  </styles__CardDescription>
                </div>
              </styles__CardContainer>
              <styles__CardContainer
                key="1"
              >
                <div
                  className="styles__CardContainer-g6vj63-5 fBpjOa"
                >
                  <styles__CardHeadline>
                    <div
                      className="styles__CardHeadline-g6vj63-6 xCsHo"
                    >
                      profile:services-ventures.services-section.section-title-1
                    </div>
                  </styles__CardHeadline>
                  <styles__CardDescription>
                    <h5
                      className="styles__CardDescription-g6vj63-7 fAUxye"
                    >
                      profile:services-ventures.services-section.section-description-1
                    </h5>
                  </styles__CardDescription>
                </div>
              </styles__CardContainer>
              <styles__CardContainer
                key="2"
              >
                <div
                  className="styles__CardContainer-g6vj63-5 fBpjOa"
                >
                  <styles__CardHeadline>
                    <div
                      className="styles__CardHeadline-g6vj63-6 xCsHo"
                    >
                      profile:services-ventures.services-section.section-title-2
                    </div>
                  </styles__CardHeadline>
                  <styles__CardDescription>
                    <h5
                      className="styles__CardDescription-g6vj63-7 fAUxye"
                    >
                      profile:services-ventures.services-section.section-description-2
                    </h5>
                  </styles__CardDescription>
                </div>
              </styles__CardContainer>
            </div>
          </styles__SectionContainer>
          <styles__SectionContainer>
            <div
              className="styles__SectionContainer-g6vj63-3 kjIGhE"
            >
              <styles__SectionTitle>
                <h4
                  className="styles__SectionTitle-g6vj63-4 iSfpKk"
                >
                  profile:services-ventures.ventures-section.title
                </h4>
              </styles__SectionTitle>
              <styles__CardContainer
                key="0"
              >
                <div
                  className="styles__CardContainer-g6vj63-5 fBpjOa"
                >
                  <styles__CardHeadline>
                    <div
                      className="styles__CardHeadline-g6vj63-6 xCsHo"
                    >
                      profile:services-ventures.ventures-section.section-title-0
                    </div>
                  </styles__CardHeadline>
                  <styles__CardDescription>
                    <h5
                      className="styles__CardDescription-g6vj63-7 fAUxye"
                    >
                      profile:services-ventures.ventures-section.section-description-0
                    </h5>
                  </styles__CardDescription>
                </div>
              </styles__CardContainer>
              <styles__CardContainer
                key="1"
              >
                <div
                  className="styles__CardContainer-g6vj63-5 fBpjOa"
                >
                  <styles__CardHeadline>
                    <div
                      className="styles__CardHeadline-g6vj63-6 xCsHo"
                    >
                      profile:services-ventures.ventures-section.section-title-1
                    </div>
                  </styles__CardHeadline>
                  <styles__CardDescription>
                    <h5
                      className="styles__CardDescription-g6vj63-7 fAUxye"
                    >
                      profile:services-ventures.ventures-section.section-description-1
                    </h5>
                  </styles__CardDescription>
                </div>
              </styles__CardContainer>
              <styles__CardContainer
                key="2"
              >
                <div
                  className="styles__CardContainer-g6vj63-5 fBpjOa"
                >
                  <styles__CardHeadline>
                    <div
                      className="styles__CardHeadline-g6vj63-6 xCsHo"
                    >
                      profile:services-ventures.ventures-section.section-title-2
                    </div>
                  </styles__CardHeadline>
                  <styles__CardDescription>
                    <h5
                      className="styles__CardDescription-g6vj63-7 fAUxye"
                    >
                      profile:services-ventures.ventures-section.section-description-2
                    </h5>
                  </styles__CardDescription>
                </div>
              </styles__CardContainer>
            </div>
          </styles__SectionContainer>
        </div>
      </styles__ContentContainer>
    </div>
  </styles__Container>
</Memo(ServicesAndVentures)>
`;
