// Jest Snapshot v1, https://goo.gl/fbAQLP

exports[`<Accordion /> should render 1`] = `
<styles__Container
  backgroundColor="#6666ff"
  textColor="#ffffff"
>
  <styles__TitleContainer>
    <styles__Title
      textColor="#ffffff"
    >
      profile:accordion.title
    </styles__Title>
    <styles__Separator
      className="accordion-separator"
      textColor="#ffffff"
    />
  </styles__TitleContainer>
  <styles__SectionContainer
    className="accordion-section-container"
    key="0"
  >
    <styles__SectionHeader
      isExpanded={true}
    >
      <styles__SectionTitle>
        profile:accordion.section-0.title
      </styles__SectionTitle>
      <styles__SectionToggle
        aria-label="expand Languages & frameworks content button"
        backgroundColor="#6666ff"
        className="accordion-section-toggle-button"
        isExpanded={true}
        onClick={[Function]}
        textColor="#ffffff"
      >
        <Memo(RoundArrowIcon) />
      </styles__SectionToggle>
      <Memo(ButtonRounded)
        animatedBackgroundColor="#ffffff"
        animatedTextColor="#6666ff"
        backgroundColor="#6666ff"
        handleClick={[Function]}
        size={
          Object {
            "desktop": Array [
              170,
              50,
            ],
            "mobile": Array [
              90,
              50,
            ],
            "tablet": Array [
              150,
              50,
            ],
            "wide": Array [
              190,
              50,
            ],
          }
        }
        textColor="#ffffff"
      >
        profile:accordion.toogle-button-opened-text
      </Memo(ButtonRounded)>
    </styles__SectionHeader>
    <styles__SectionContentContainer
      isExpanded={true}
    >
      <styles__SectionElement
        key="0"
      >
        Cypress
      </styles__SectionElement>
      <styles__SectionElement
        key="1"
      >
        Jest
      </styles__SectionElement>
      <styles__SectionElement
        key="2"
      >
        Redux
      </styles__SectionElement>
      <styles__SectionElement
        key="3"
      >
        Fabric
      </styles__SectionElement>
      <styles__SectionElement
        key="4"
      >
        Hyperledger Besu
      </styles__SectionElement>
      <styles__SectionElement
        key="5"
      >
        Quorum
      </styles__SectionElement>
      <styles__SectionElement
        key="6"
      >
        web3
      </styles__SectionElement>
    </styles__SectionContentContainer>
    <styles__Separator
      className="accordion-separator"
      textColor="#ffffff"
    />
  </styles__SectionContainer>
  <styles__SectionContainer
    className="accordion-section-container"
    key="1"
  >
    <styles__SectionHeader
      isExpanded={false}
    >
      <styles__SectionTitle>
        profile:accordion.section-1.title
      </styles__SectionTitle>
      <styles__SectionToggle
        aria-label="expand Devops, Architecture & Systems content button"
        backgroundColor="#6666ff"
        className="accordion-section-toggle-button"
        isExpanded={false}
        onClick={[Function]}
        textColor="#ffffff"
      >
        <Memo(RoundArrowIcon) />
      </styles__SectionToggle>
      <Memo(ButtonRounded)
        animatedBackgroundColor="#ffffff"
        animatedTextColor="#6666ff"
        backgroundColor="#6666ff"
        handleClick={[Function]}
        size={
          Object {
            "desktop": Array [
              170,
              50,
            ],
            "mobile": Array [
              90,
              50,
            ],
            "tablet": Array [
              150,
              50,
            ],
            "wide": Array [
              190,
              50,
            ],
          }
        }
        textColor="#ffffff"
      >
        profile:accordion.toogle-button-closed-text
      </Memo(ButtonRounded)>
    </styles__SectionHeader>
    <styles__SectionContentContainer
      isExpanded={false}
    >
      <styles__SectionElement
        key="0"
      >
        Cypress
      </styles__SectionElement>
      <styles__SectionElement
        key="1"
      >
        Jest
      </styles__SectionElement>
      <styles__SectionElement
        key="2"
      >
        Redux
      </styles__SectionElement>
      <styles__SectionElement
        key="3"
      >
        Fabric
      </styles__SectionElement>
      <styles__SectionElement
        key="4"
      >
        Hyperledger Besu
      </styles__SectionElement>
      <styles__SectionElement
        key="5"
      >
        Quorum
      </styles__SectionElement>
      <styles__SectionElement
        key="6"
      >
        web3
      </styles__SectionElement>
    </styles__SectionContentContainer>
    <styles__Separator
      className="accordion-separator"
      textColor="#ffffff"
    />
  </styles__SectionContainer>
</styles__Container>
`;
