// Jest Snapshot v1, https://goo.gl/fbAQLP

exports[`<ButtonRounded /> wrapper: should render 1`] = `
<styles__Container
  animatedBackgroundColor="#6666ff"
  animatedTextColor="#ffffff"
  backgroundColor="#3c3c3b"
  className="button-rounded"
  onClick={[Function]}
  size={
    Object {
      "desktop": Array [
        170,
        50,
      ],
      "mobile": Array [
        90,
        50,
      ],
      "tablet": Array [
        150,
        50,
      ],
      "wide": Array [
        190,
        50,
      ],
    }
  }
  textColor="#ffffff"
>
  <styles__ContainerButtonOriginal
    backgroundColor="#3c3c3b"
  >
    <styles__Content
      textColor="#ffffff"
    >
      <span>
        Hello
      </span>
    </styles__Content>
  </styles__ContainerButtonOriginal>
  <styles__ContainerButtonAnimated
    animatedBackgroundColor="#6666ff"
    aria-label="button animated"
  >
    <styles__Content
      textColor="#ffffff"
    >
      <span>
        Hello
      </span>
    </styles__Content>
  </styles__ContainerButtonAnimated>
</styles__Container>
`;
