// Jest Snapshot v1, https://goo.gl/fbAQLP

exports[`<WeDeliver /> should render 1`] = `
<Memo(WeDeliver)>
  <styled.div>
    <div
      className="fbiKbH"
    >
      <styled.h5>
        <h5
          className="iVcQmv"
        >
          profile:we-deliver.title
        </h5>
      </styled.h5>
      <styled.div>
        <div
          className="cVnNRX"
        >
          <Memo(SimpleBigTitleCard)
            description="profile:we-deliver.card-0.description"
            key="0"
            title="profile:we-deliver.card-0.title"
          >
            <styled.div
              className="simple-big-title-card"
            >
              <div
                className="hvgwOq simple-big-title-card"
              >
                <styled.span>
                  <span
                    className="lkgoDy"
                  >
                    profile:we-deliver.card-0.title
                  </span>
                </styled.span>
                <styled.h5>
                  <h5
                    className="mmzIs"
                  >
                    profile:we-deliver.card-0.description
                  </h5>
                </styled.h5>
              </div>
            </styled.div>
          </Memo(SimpleBigTitleCard)>
          <Memo(SimpleBigTitleCard)
            description="profile:we-deliver.card-1.description"
            key="1"
            title="profile:we-deliver.card-1.title"
          >
            <styled.div
              className="simple-big-title-card"
            >
              <div
                className="hvgwOq simple-big-title-card"
              >
                <styled.span>
                  <span
                    className="lkgoDy"
                  >
                    profile:we-deliver.card-1.title
                  </span>
                </styled.span>
                <styled.h5>
                  <h5
                    className="mmzIs"
                  >
                    profile:we-deliver.card-1.description
                  </h5>
                </styled.h5>
              </div>
            </styled.div>
          </Memo(SimpleBigTitleCard)>
          <Memo(SimpleBigTitleCard)
            description="profile:we-deliver.card-2.description"
            key="2"
            title="profile:we-deliver.card-2.title"
          >
            <styled.div
              className="simple-big-title-card"
            >
              <div
                className="hvgwOq simple-big-title-card"
              >
                <styled.span>
                  <span
                    className="lkgoDy"
                  >
                    profile:we-deliver.card-2.title
                  </span>
                </styled.span>
                <styled.h5>
                  <h5
                    className="mmzIs"
                  >
                    profile:we-deliver.card-2.description
                  </h5>
                </styled.h5>
              </div>
            </styled.div>
          </Memo(SimpleBigTitleCard)>
          <Memo(SimpleBigTitleCard)
            description="profile:we-deliver.card-3.description"
            key="3"
            title="profile:we-deliver.card-3.title"
          >
            <styled.div
              className="simple-big-title-card"
            >
              <div
                className="hvgwOq simple-big-title-card"
              >
                <styled.span>
                  <span
                    className="lkgoDy"
                  >
                    profile:we-deliver.card-3.title
                  </span>
                </styled.span>
                <styled.h5>
                  <h5
                    className="mmzIs"
                  >
                    profile:we-deliver.card-3.description
                  </h5>
                </styled.h5>
              </div>
            </styled.div>
          </Memo(SimpleBigTitleCard)>
        </div>
      </styled.div>
    </div>
  </styled.div>
</Memo(WeDeliver)>
`;
