// Jest Snapshot v1, https://goo.gl/fbAQLP

exports[`<WeDeliver /> should render 1`] = `
<Memo(WeDeliver)>
  <styles__Container>
    <div
      className="styles__Container-m0mkjy-0 kwZBYJ"
    >
      <styles__Title>
        <h5
          className="styles__Title-m0mkjy-1 edNgxp"
        >
          profile:we-deliver.title
        </h5>
      </styles__Title>
      <styles__ContainerCards>
        <div
          className="styles__ContainerCards-m0mkjy-2 hjWAim"
        >
          <Memo(SimpleBigTitleCard)
            description="profile:we-deliver.card-0.description"
            key="0"
            title="profile:we-deliver.card-0.title"
          >
            <styles__Container
              className="simple-big-title-card"
            >
              <div
                className="styles__Container-oswoju-0 ixYeIR simple-big-title-card"
              >
                <styles__Headline>
                  <span
                    className="styles__Headline-oswoju-1 fUjaxr"
                  >
                    profile:we-deliver.card-0.title
                  </span>
                </styles__Headline>
                <styles__SubHeadline>
                  <h5
                    className="styles__SubHeadline-oswoju-2 eUiSQi"
                  >
                    profile:we-deliver.card-0.description
                  </h5>
                </styles__SubHeadline>
              </div>
            </styles__Container>
          </Memo(SimpleBigTitleCard)>
          <Memo(SimpleBigTitleCard)
            description="profile:we-deliver.card-1.description"
            key="1"
            title="profile:we-deliver.card-1.title"
          >
            <styles__Container
              className="simple-big-title-card"
            >
              <div
                className="styles__Container-oswoju-0 ixYeIR simple-big-title-card"
              >
                <styles__Headline>
                  <span
                    className="styles__Headline-oswoju-1 fUjaxr"
                  >
                    profile:we-deliver.card-1.title
                  </span>
                </styles__Headline>
                <styles__SubHeadline>
                  <h5
                    className="styles__SubHeadline-oswoju-2 eUiSQi"
                  >
                    profile:we-deliver.card-1.description
                  </h5>
                </styles__SubHeadline>
              </div>
            </styles__Container>
          </Memo(SimpleBigTitleCard)>
          <Memo(SimpleBigTitleCard)
            description="profile:we-deliver.card-2.description"
            key="2"
            title="profile:we-deliver.card-2.title"
          >
            <styles__Container
              className="simple-big-title-card"
            >
              <div
                className="styles__Container-oswoju-0 ixYeIR simple-big-title-card"
              >
                <styles__Headline>
                  <span
                    className="styles__Headline-oswoju-1 fUjaxr"
                  >
                    profile:we-deliver.card-2.title
                  </span>
                </styles__Headline>
                <styles__SubHeadline>
                  <h5
                    className="styles__SubHeadline-oswoju-2 eUiSQi"
                  >
                    profile:we-deliver.card-2.description
                  </h5>
                </styles__SubHeadline>
              </div>
            </styles__Container>
          </Memo(SimpleBigTitleCard)>
          <Memo(SimpleBigTitleCard)
            description="profile:we-deliver.card-3.description"
            key="3"
            title="profile:we-deliver.card-3.title"
          >
            <styles__Container
              className="simple-big-title-card"
            >
              <div
                className="styles__Container-oswoju-0 ixYeIR simple-big-title-card"
              >
                <styles__Headline>
                  <span
                    className="styles__Headline-oswoju-1 fUjaxr"
                  >
                    profile:we-deliver.card-3.title
                  </span>
                </styles__Headline>
                <styles__SubHeadline>
                  <h5
                    className="styles__SubHeadline-oswoju-2 eUiSQi"
                  >
                    profile:we-deliver.card-3.description
                  </h5>
                </styles__SubHeadline>
              </div>
            </styles__Container>
          </Memo(SimpleBigTitleCard)>
        </div>
      </styles__ContainerCards>
    </div>
  </styles__Container>
</Memo(WeDeliver)>
`;
